// Jest Snapshot v1, https://goo.gl/fbAQLP

exports[`Tests the Sidebar should be displayed correctly 1`] = `ReactWrapper {}`;
