// Jest Snapshot v1, https://goo.gl/fbAQLP

exports[`Tests the Loading should be displayed correctly 1`] = `ShallowWrapper {}`;
