// Jest Snapshot v1, https://goo.gl/fbAQLP

exports[`Tests the YoutubeApp should be displayed correctly 1`] = `ShallowWrapper {}`;
