// Jest Snapshot v1, https://goo.gl/fbAQLP

exports[`Test in <Favorite Page /> should be displayed correctly 1`] = `ShallowWrapper {}`;
