// Jest Snapshot v1, https://goo.gl/fbAQLP

exports[`Test in <Home Page /> should be displayed correctly 1`] = `ReactWrapper {}`;
