// Jest Snapshot v1, https://goo.gl/fbAQLP

exports[`Tests the RelatedVideoCard should be displayed correctly 1`] = `ShallowWrapper {}`;
